503 Service Unavailable
My Account – Automation Practice Site
Products – Automation Practice Site
Products – Automation Practice Site
Products – Automation Practice Site
Products – Automation Practice Site
Products – Automation Practice Site
Products – Automation Practice Site
Products – Automation Practice Site
Products – Automation Practice Site
Products – Automation Practice Site
Products – Automation Practice Site
Products – Automation Practice Site
Products – Automation Practice Site
Products – Automation Practice Site
Products – Automation Practice Site
Products – Automation Practice Site
Products – Automation Practice Site
Products – Automation Practice Site
Products – Automation Practice Site
Products – Automation Practice Site
Products – Automation Practice Site
Products – Automation Practice Site
Products – Automation Practice Site
Test Cases – Automation Practice Site
Test Cases – Automation Practice Site
